mode: set
github.com/feroz/concurrent-resource-scheduler/config/config.go:72.79,74.24 1 1
github.com/feroz/concurrent-resource-scheduler/config/config.go:74.24,76.3 1 1
github.com/feroz/concurrent-resource-scheduler/config/config.go:80.2,80.56 1 1
github.com/feroz/concurrent-resource-scheduler/config/config.go:80.56,82.3 1 1
github.com/feroz/concurrent-resource-scheduler/config/config.go:84.2,84.27 1 1
github.com/feroz/concurrent-resource-scheduler/config/config.go:84.27,86.3 1 1
github.com/feroz/concurrent-resource-scheduler/config/config.go:88.2,88.24 1 1
github.com/feroz/concurrent-resource-scheduler/config/config.go:88.24,90.3 1 1
github.com/feroz/concurrent-resource-scheduler/config/config.go:92.2,92.67 1 1
github.com/feroz/concurrent-resource-scheduler/config/config.go:92.67,94.3 1 1
github.com/feroz/concurrent-resource-scheduler/config/config.go:97.2,97.17 1 1
github.com/feroz/concurrent-resource-scheduler/events/events.go:16.36,17.11 1 1
github.com/feroz/concurrent-resource-scheduler/events/events.go:18.16,19.15 1 1
github.com/feroz/concurrent-resource-scheduler/events/events.go:20.20,21.19 1 1
github.com/feroz/concurrent-resource-scheduler/events/events.go:22.20,23.19 1 1
github.com/feroz/concurrent-resource-scheduler/events/events.go:24.20,25.19 1 1
github.com/feroz/concurrent-resource-scheduler/events/events.go:26.20,27.19 1 1
github.com/feroz/concurrent-resource-scheduler/events/events.go:28.19,29.18 1 1
github.com/feroz/concurrent-resource-scheduler/events/events.go:30.19,31.18 1 1
github.com/feroz/concurrent-resource-scheduler/events/events.go:32.10,33.19 1 1
github.com/feroz/concurrent-resource-scheduler/extensions/cooldown/cooldown.go:26.105,31.2 1 1
github.com/feroz/concurrent-resource-scheduler/extensions/cooldown/cooldown.go:35.51,37.35 1 1
github.com/feroz/concurrent-resource-scheduler/extensions/cooldown/cooldown.go:37.35,39.3 1 1
github.com/feroz/concurrent-resource-scheduler/extensions/cooldown/cooldown.go:42.2,42.65 1 1
github.com/feroz/concurrent-resource-scheduler/extensions/cooldown/cooldown.go:42.65,44.3 1 1
github.com/feroz/concurrent-resource-scheduler/extensions/cooldown/cooldown.go:47.2,47.17 1 1
github.com/feroz/concurrent-resource-scheduler/extensions/cooldown/cooldown.go:47.17,49.50 1 1
github.com/feroz/concurrent-resource-scheduler/extensions/cooldown/cooldown.go:49.50,52.38 1 1
github.com/feroz/concurrent-resource-scheduler/extensions/cooldown/cooldown.go:52.38,55.5 2 1
github.com/feroz/concurrent-resource-scheduler/extensions/cooldown/cooldown.go:56.9,60.4 1 1
github.com/feroz/concurrent-resource-scheduler/extensions/metrics/telemetry.go:33.67,35.2 1 1
github.com/feroz/concurrent-resource-scheduler/extensions/metrics/telemetry.go:39.61,40.16 1 1
github.com/feroz/concurrent-resource-scheduler/extensions/metrics/telemetry.go:41.23,42.16 1 1
github.com/feroz/concurrent-resource-scheduler/extensions/metrics/telemetry.go:43.27,44.20 1 1
github.com/feroz/concurrent-resource-scheduler/extensions/metrics/telemetry.go:45.27,46.20 1 1
github.com/feroz/concurrent-resource-scheduler/extensions/metrics/telemetry.go:47.27,48.20 1 1
github.com/feroz/concurrent-resource-scheduler/extensions/metrics/telemetry.go:49.27,50.20 1 1
github.com/feroz/concurrent-resource-scheduler/extensions/metrics/telemetry.go:51.26,52.19 1 1
github.com/feroz/concurrent-resource-scheduler/extensions/metrics/telemetry.go:53.26,54.19 1 1
github.com/feroz/concurrent-resource-scheduler/extensions/metrics/telemetry.go:59.59,69.2 1 1
github.com/feroz/concurrent-resource-scheduler/internal/heap/heap.go:21.37,23.2 1 1
github.com/feroz/concurrent-resource-scheduler/internal/heap/heap.go:26.47,29.2 1 1
github.com/feroz/concurrent-resource-scheduler/internal/heap/heap.go:32.42,36.2 3 1
github.com/feroz/concurrent-resource-scheduler/internal/heap/heap.go:40.39,44.2 3 1
github.com/feroz/concurrent-resource-scheduler/internal/heap/heap.go:48.37,56.2 7 1
github.com/feroz/concurrent-resource-scheduler/internal/heap/heap.go:74.72,81.2 1 1
github.com/feroz/concurrent-resource-scheduler/internal/heap/heap.go:85.30,87.2 1 1
github.com/feroz/concurrent-resource-scheduler/internal/heap/heap.go:90.32,92.2 1 1
github.com/feroz/concurrent-resource-scheduler/internal/heap/heap.go:95.52,96.28 1 1
github.com/feroz/concurrent-resource-scheduler/internal/heap/heap.go:96.28,98.3 1 1
github.com/feroz/concurrent-resource-scheduler/internal/heap/heap.go:99.2,99.24 1 1
github.com/feroz/concurrent-resource-scheduler/internal/heap/heap.go:103.53,105.2 1 1
github.com/feroz/concurrent-resource-scheduler/internal/heap/heap.go:109.51,110.28 1 1
github.com/feroz/concurrent-resource-scheduler/internal/heap/heap.go:110.28,112.3 1 1
github.com/feroz/concurrent-resource-scheduler/internal/heap/heap.go:113.2,113.59 1 1
github.com/feroz/concurrent-resource-scheduler/internal/heap/heap.go:118.38,119.45 1 1
github.com/feroz/concurrent-resource-scheduler/internal/heap/heap.go:119.45,120.47 1 1
github.com/feroz/concurrent-resource-scheduler/internal/heap/heap.go:122.2,122.35 1 1
github.com/feroz/concurrent-resource-scheduler/internal/heap/heap.go:127.63,128.45 1 1
github.com/feroz/concurrent-resource-scheduler/internal/heap/heap.go:128.45,129.50 1 1
github.com/feroz/concurrent-resource-scheduler/internal/heap/heap.go:131.2,131.69 1 1
github.com/feroz/concurrent-resource-scheduler/internal/heap/heap.go:136.33,138.2 1 1
github.com/feroz/concurrent-resource-scheduler/internal/lookup/lookup.go:18.46,22.2 1 1
github.com/feroz/concurrent-resource-scheduler/internal/lookup/lookup.go:25.65,29.39 3 1
github.com/feroz/concurrent-resource-scheduler/internal/lookup/lookup.go:29.39,31.3 1 1
github.com/feroz/concurrent-resource-scheduler/internal/lookup/lookup.go:32.2,33.12 2 1
github.com/feroz/concurrent-resource-scheduler/internal/lookup/lookup.go:38.73,43.23 3 1
github.com/feroz/concurrent-resource-scheduler/internal/lookup/lookup.go:43.23,44.38 1 1
github.com/feroz/concurrent-resource-scheduler/internal/lookup/lookup.go:44.38,46.4 1 1
github.com/feroz/concurrent-resource-scheduler/internal/lookup/lookup.go:50.2,50.26 1 1
github.com/feroz/concurrent-resource-scheduler/internal/lookup/lookup.go:50.26,52.3 1 1
github.com/feroz/concurrent-resource-scheduler/internal/lookup/lookup.go:53.2,53.12 1 1
github.com/feroz/concurrent-resource-scheduler/internal/lookup/lookup.go:57.56,61.2 3 1
github.com/feroz/concurrent-resource-scheduler/internal/lookup/lookup.go:65.37,69.2 3 1
github.com/feroz/concurrent-resource-scheduler/internal/lookup/lookup.go:72.32,76.2 3 1
github.com/feroz/concurrent-resource-scheduler/placement/adaptive.go:15.46,17.2 1 1
github.com/feroz/concurrent-resource-scheduler/placement/adaptive.go:21.55,23.21 2 1
github.com/feroz/concurrent-resource-scheduler/placement/adaptive.go:23.21,25.3 1 1
github.com/feroz/concurrent-resource-scheduler/placement/adaptive.go:26.2,26.21 1 1
github.com/feroz/concurrent-resource-scheduler/placement/adaptive.go:26.21,28.3 1 1
github.com/feroz/concurrent-resource-scheduler/placement/adaptive.go:31.2,42.22 7 1
github.com/feroz/concurrent-resource-scheduler/placement/adaptive.go:42.22,44.3 1 1
github.com/feroz/concurrent-resource-scheduler/placement/adaptive.go:47.2,50.21 3 1
github.com/feroz/concurrent-resource-scheduler/placement/adaptive.go:50.21,52.3 1 1
github.com/feroz/concurrent-resource-scheduler/placement/adaptive.go:54.2,54.15 1 1
github.com/feroz/concurrent-resource-scheduler/placement/adaptive.go:58.44,60.2 1 1
github.com/feroz/concurrent-resource-scheduler/placement/consistent_hash.go:23.64,24.21 1 1
github.com/feroz/concurrent-resource-scheduler/placement/consistent_hash.go:24.21,26.3 1 1
github.com/feroz/concurrent-resource-scheduler/placement/consistent_hash.go:28.2,36.34 4 1
github.com/feroz/concurrent-resource-scheduler/placement/consistent_hash.go:36.34,37.45 1 1
github.com/feroz/concurrent-resource-scheduler/placement/consistent_hash.go:37.45,46.4 3 1
github.com/feroz/concurrent-resource-scheduler/placement/consistent_hash.go:50.2,50.41 1 1
github.com/feroz/concurrent-resource-scheduler/placement/consistent_hash.go:50.41,52.3 1 1
github.com/feroz/concurrent-resource-scheduler/placement/consistent_hash.go:54.2,57.27 3 1
github.com/feroz/concurrent-resource-scheduler/placement/consistent_hash.go:57.27,60.3 2 1
github.com/feroz/concurrent-resource-scheduler/placement/consistent_hash.go:62.2,65.3 1 1
github.com/feroz/concurrent-resource-scheduler/placement/consistent_hash.go:70.56,71.24 1 1
github.com/feroz/concurrent-resource-scheduler/placement/consistent_hash.go:71.24,73.3 1 1
github.com/feroz/concurrent-resource-scheduler/placement/consistent_hash.go:76.2,77.12 2 1
github.com/feroz/concurrent-resource-scheduler/placement/consistent_hash.go:77.12,79.25 2 1
github.com/feroz/concurrent-resource-scheduler/placement/consistent_hash.go:79.25,81.4 1 1
github.com/feroz/concurrent-resource-scheduler/placement/consistent_hash.go:81.9,83.4 1 1
github.com/feroz/concurrent-resource-scheduler/placement/consistent_hash.go:86.2,86.24 1 1
github.com/feroz/concurrent-resource-scheduler/placement/consistent_hash.go:86.24,88.3 1 1
github.com/feroz/concurrent-resource-scheduler/placement/consistent_hash.go:90.2,90.20 1 1
github.com/feroz/concurrent-resource-scheduler/placement/round_robin.go:11.38,13.2 1 1
github.com/feroz/concurrent-resource-scheduler/placement/round_robin.go:16.51,20.12 2 1
github.com/feroz/concurrent-resource-scheduler/placement/round_robin.go:20.12,22.3 1 1
github.com/feroz/concurrent-resource-scheduler/placement/round_robin.go:23.2,24.29 2 1
github.com/feroz/concurrent-resource-scheduler/placement/round_robin.go:28.38,30.2 1 1
github.com/feroz/concurrent-resource-scheduler/placement/weighted.go:8.27,12.2 3 1
github.com/feroz/concurrent-resource-scheduler/placement/weighted.go:26.60,29.28 3 1
github.com/feroz/concurrent-resource-scheduler/placement/weighted.go:29.28,32.3 2 1
github.com/feroz/concurrent-resource-scheduler/placement/weighted.go:34.2,37.3 1 1
github.com/feroz/concurrent-resource-scheduler/placement/weighted.go:41.55,43.21 2 1
github.com/feroz/concurrent-resource-scheduler/placement/weighted.go:43.21,45.3 1 1
github.com/feroz/concurrent-resource-scheduler/placement/weighted.go:48.2,52.66 2 1
github.com/feroz/concurrent-resource-scheduler/placement/weighted.go:52.66,54.3 1 1
github.com/feroz/concurrent-resource-scheduler/placement/weighted.go:57.2,62.12 4 1
github.com/feroz/concurrent-resource-scheduler/placement/weighted.go:62.12,64.39 2 1
github.com/feroz/concurrent-resource-scheduler/placement/weighted.go:64.39,66.4 1 1
github.com/feroz/concurrent-resource-scheduler/placement/weighted.go:66.9,68.4 1 1
github.com/feroz/concurrent-resource-scheduler/placement/weighted.go:71.2,71.21 1 1
github.com/feroz/concurrent-resource-scheduler/placement/weighted.go:71.21,73.3 1 0
github.com/feroz/concurrent-resource-scheduler/placement/weighted.go:75.2,75.10 1 1
github.com/feroz/concurrent-resource-scheduler/placement/weighted.go:79.44,81.2 1 1
github.com/feroz/concurrent-resource-scheduler/scheduler/acquire.go:14.49,16.21 2 1
github.com/feroz/concurrent-resource-scheduler/scheduler/acquire.go:16.21,18.3 1 1
github.com/feroz/concurrent-resource-scheduler/scheduler/acquire.go:20.2,24.55 3 1
github.com/feroz/concurrent-resource-scheduler/scheduler/acquire.go:24.55,26.3 1 1
github.com/feroz/concurrent-resource-scheduler/scheduler/acquire.go:28.2,28.46 1 1
github.com/feroz/concurrent-resource-scheduler/scheduler/acquire.go:35.91,37.16 2 1
github.com/feroz/concurrent-resource-scheduler/scheduler/acquire.go:37.16,39.3 1 1
github.com/feroz/concurrent-resource-scheduler/scheduler/acquire.go:40.2,40.21 1 1
github.com/feroz/concurrent-resource-scheduler/scheduler/acquire.go:40.21,42.3 1 1
github.com/feroz/concurrent-resource-scheduler/scheduler/acquire.go:44.2,53.46 7 1
github.com/feroz/concurrent-resource-scheduler/scheduler/acquire.go:57.79,61.37 2 1
github.com/feroz/concurrent-resource-scheduler/scheduler/acquire.go:61.37,68.15 5 1
github.com/feroz/concurrent-resource-scheduler/scheduler/acquire.go:68.15,70.12 2 1
github.com/feroz/concurrent-resource-scheduler/scheduler/acquire.go:73.3,75.43 3 1
github.com/feroz/concurrent-resource-scheduler/scheduler/acquire.go:75.43,78.4 2 1
github.com/feroz/concurrent-resource-scheduler/scheduler/acquire.go:78.9,84.4 4 1
github.com/feroz/concurrent-resource-scheduler/scheduler/acquire.go:86.3,90.18 3 1
github.com/feroz/concurrent-resource-scheduler/scheduler/acquire.go:93.2,93.44 1 1
github.com/feroz/concurrent-resource-scheduler/scheduler/acquire.go:99.49,100.21 1 1
github.com/feroz/concurrent-resource-scheduler/scheduler/acquire.go:100.21,102.3 1 1
github.com/feroz/concurrent-resource-scheduler/scheduler/acquire.go:104.2,104.45 1 1
github.com/feroz/concurrent-resource-scheduler/scheduler/acquire.go:104.45,106.3 1 1
github.com/feroz/concurrent-resource-scheduler/scheduler/acquire.go:108.2,109.14 2 1
github.com/feroz/concurrent-resource-scheduler/scheduler/acquire.go:109.14,111.3 1 1
github.com/feroz/concurrent-resource-scheduler/scheduler/acquire.go:113.2,117.17 3 1
github.com/feroz/concurrent-resource-scheduler/scheduler/acquire.go:117.17,120.3 2 0
github.com/feroz/concurrent-resource-scheduler/scheduler/acquire.go:122.2,122.16 1 1
github.com/feroz/concurrent-resource-scheduler/scheduler/acquire.go:122.16,125.3 2 1
github.com/feroz/concurrent-resource-scheduler/scheduler/acquire.go:127.2,133.12 5 1
github.com/feroz/concurrent-resource-scheduler/scheduler/add.go:13.45,14.21 1 1
github.com/feroz/concurrent-resource-scheduler/scheduler/add.go:14.21,16.3 1 1
github.com/feroz/concurrent-resource-scheduler/scheduler/add.go:18.2,18.18 1 1
github.com/feroz/concurrent-resource-scheduler/scheduler/add.go:18.18,20.3 1 1
github.com/feroz/concurrent-resource-scheduler/scheduler/add.go:22.2,34.47 4 1
github.com/feroz/concurrent-resource-scheduler/scheduler/add.go:34.47,36.3 1 1
github.com/feroz/concurrent-resource-scheduler/scheduler/add.go:39.2,45.12 5 1
github.com/feroz/concurrent-resource-scheduler/scheduler/add.go:53.58,54.21 1 1
github.com/feroz/concurrent-resource-scheduler/scheduler/add.go:54.21,56.3 1 1
github.com/feroz/concurrent-resource-scheduler/scheduler/add.go:58.2,58.25 1 1
github.com/feroz/concurrent-resource-scheduler/scheduler/add.go:58.25,60.3 1 1
github.com/feroz/concurrent-resource-scheduler/scheduler/add.go:62.2,65.32 2 1
github.com/feroz/concurrent-resource-scheduler/scheduler/add.go:65.32,66.19 1 1
github.com/feroz/concurrent-resource-scheduler/scheduler/add.go:66.19,68.4 1 1
github.com/feroz/concurrent-resource-scheduler/scheduler/add.go:70.3,73.37 2 1
github.com/feroz/concurrent-resource-scheduler/scheduler/add.go:73.37,75.4 1 1
github.com/feroz/concurrent-resource-scheduler/scheduler/add.go:76.3,79.33 2 1
github.com/feroz/concurrent-resource-scheduler/scheduler/add.go:79.33,81.4 1 1
github.com/feroz/concurrent-resource-scheduler/scheduler/add.go:85.2,86.32 2 1
github.com/feroz/concurrent-resource-scheduler/scheduler/add.go:86.32,97.3 4 1
github.com/feroz/concurrent-resource-scheduler/scheduler/add.go:100.2,100.51 1 1
github.com/feroz/concurrent-resource-scheduler/scheduler/add.go:100.51,102.3 1 0
github.com/feroz/concurrent-resource-scheduler/scheduler/add.go:105.2,105.32 1 1
github.com/feroz/concurrent-resource-scheduler/scheduler/add.go:105.32,114.3 7 1
github.com/feroz/concurrent-resource-scheduler/scheduler/add.go:116.2,116.12 1 1
github.com/feroz/concurrent-resource-scheduler/scheduler/events_dispatch.go:9.68,10.31 1 1
github.com/feroz/concurrent-resource-scheduler/scheduler/events_dispatch.go:10.31,12.3 1 1
github.com/feroz/concurrent-resource-scheduler/scheduler/events_dispatch.go:14.2,19.9 2 1
github.com/feroz/concurrent-resource-scheduler/scheduler/events_dispatch.go:20.26,20.26 0 1
github.com/feroz/concurrent-resource-scheduler/scheduler/events_dispatch.go:22.10,22.10 0 1
github.com/feroz/concurrent-resource-scheduler/scheduler/events_dispatch.go:32.43,33.6 1 1
github.com/feroz/concurrent-resource-scheduler/scheduler/events_dispatch.go:33.6,34.10 1 1
github.com/feroz/concurrent-resource-scheduler/scheduler/events_dispatch.go:35.29,36.40 1 1
github.com/feroz/concurrent-resource-scheduler/scheduler/events_dispatch.go:36.40,37.19 1 1
github.com/feroz/concurrent-resource-scheduler/scheduler/events_dispatch.go:37.19,38.14 1 1
github.com/feroz/concurrent-resource-scheduler/scheduler/events_dispatch.go:40.5,40.19 1 1
github.com/feroz/concurrent-resource-scheduler/scheduler/events_dispatch.go:42.27,43.10 1 1
github.com/feroz/concurrent-resource-scheduler/scheduler/lifecycle.go:11.48,12.21 1 1
github.com/feroz/concurrent-resource-scheduler/scheduler/lifecycle.go:12.21,14.3 1 1
github.com/feroz/concurrent-resource-scheduler/scheduler/lifecycle.go:16.2,16.18 1 1
github.com/feroz/concurrent-resource-scheduler/scheduler/lifecycle.go:16.18,18.3 1 1
github.com/feroz/concurrent-resource-scheduler/scheduler/lifecycle.go:20.2,22.14 3 1
github.com/feroz/concurrent-resource-scheduler/scheduler/lifecycle.go:22.14,24.3 1 1
github.com/feroz/concurrent-resource-scheduler/scheduler/lifecycle.go:26.2,30.17 3 1
github.com/feroz/concurrent-resource-scheduler/scheduler/lifecycle.go:30.17,33.3 2 0
github.com/feroz/concurrent-resource-scheduler/scheduler/lifecycle.go:35.2,37.16 2 1
github.com/feroz/concurrent-resource-scheduler/scheduler/lifecycle.go:37.16,39.3 1 1
github.com/feroz/concurrent-resource-scheduler/scheduler/lifecycle.go:41.2,45.12 3 1
github.com/feroz/concurrent-resource-scheduler/scheduler/lifecycle.go:49.49,50.21 1 1
github.com/feroz/concurrent-resource-scheduler/scheduler/lifecycle.go:50.21,52.3 1 1
github.com/feroz/concurrent-resource-scheduler/scheduler/lifecycle.go:54.2,55.14 2 1
github.com/feroz/concurrent-resource-scheduler/scheduler/lifecycle.go:55.14,57.3 1 1
github.com/feroz/concurrent-resource-scheduler/scheduler/lifecycle.go:59.2,62.17 3 1
github.com/feroz/concurrent-resource-scheduler/scheduler/lifecycle.go:62.17,65.3 2 0
github.com/feroz/concurrent-resource-scheduler/scheduler/lifecycle.go:67.2,67.17 1 1
github.com/feroz/concurrent-resource-scheduler/scheduler/lifecycle.go:67.17,70.3 2 1
github.com/feroz/concurrent-resource-scheduler/scheduler/lifecycle.go:72.2,79.12 5 1
github.com/feroz/concurrent-resource-scheduler/scheduler/lifecycle.go:83.49,84.21 1 1
github.com/feroz/concurrent-resource-scheduler/scheduler/lifecycle.go:84.21,86.3 1 1
github.com/feroz/concurrent-resource-scheduler/scheduler/lifecycle.go:88.2,89.14 2 1
github.com/feroz/concurrent-resource-scheduler/scheduler/lifecycle.go:89.14,91.3 1 1
github.com/feroz/concurrent-resource-scheduler/scheduler/lifecycle.go:93.2,96.17 3 1
github.com/feroz/concurrent-resource-scheduler/scheduler/lifecycle.go:96.17,99.3 2 0
github.com/feroz/concurrent-resource-scheduler/scheduler/lifecycle.go:101.2,101.16 1 1
github.com/feroz/concurrent-resource-scheduler/scheduler/lifecycle.go:101.16,104.3 2 1
github.com/feroz/concurrent-resource-scheduler/scheduler/lifecycle.go:106.2,113.12 5 1
github.com/feroz/concurrent-resource-scheduler/scheduler/lifecycle.go:117.48,118.21 1 1
github.com/feroz/concurrent-resource-scheduler/scheduler/lifecycle.go:118.21,120.3 1 1
github.com/feroz/concurrent-resource-scheduler/scheduler/lifecycle.go:122.2,123.14 2 1
github.com/feroz/concurrent-resource-scheduler/scheduler/lifecycle.go:123.14,125.3 1 1
github.com/feroz/concurrent-resource-scheduler/scheduler/lifecycle.go:127.2,133.16 4 1
github.com/feroz/concurrent-resource-scheduler/scheduler/lifecycle.go:133.16,136.3 2 1
github.com/feroz/concurrent-resource-scheduler/scheduler/lifecycle.go:137.2,144.12 4 1
github.com/feroz/concurrent-resource-scheduler/scheduler/query.go:12.50,14.21 2 1
github.com/feroz/concurrent-resource-scheduler/scheduler/query.go:14.21,16.3 1 1
github.com/feroz/concurrent-resource-scheduler/scheduler/query.go:18.2,19.14 2 1
github.com/feroz/concurrent-resource-scheduler/scheduler/query.go:19.14,21.3 1 1
github.com/feroz/concurrent-resource-scheduler/scheduler/query.go:23.2,27.17 4 1
github.com/feroz/concurrent-resource-scheduler/scheduler/query.go:27.17,29.3 1 0
github.com/feroz/concurrent-resource-scheduler/scheduler/query.go:31.2,31.21 1 1
github.com/feroz/concurrent-resource-scheduler/scheduler/query.go:36.38,38.2 1 1
github.com/feroz/concurrent-resource-scheduler/scheduler/query.go:42.48,46.33 3 1
github.com/feroz/concurrent-resource-scheduler/scheduler/query.go:46.33,53.17 6 1
github.com/feroz/concurrent-resource-scheduler/scheduler/query.go:53.17,55.4 1 1
github.com/feroz/concurrent-resource-scheduler/scheduler/query.go:55.9,57.4 1 1
github.com/feroz/concurrent-resource-scheduler/scheduler/query.go:60.2,63.45 3 1
github.com/feroz/concurrent-resource-scheduler/scheduler/query.go:63.45,65.3 1 1
github.com/feroz/concurrent-resource-scheduler/scheduler/query.go:67.2,68.34 2 1
github.com/feroz/concurrent-resource-scheduler/scheduler/query.go:68.34,69.63 1 1
github.com/feroz/concurrent-resource-scheduler/scheduler/query.go:69.63,71.4 1 1
github.com/feroz/concurrent-resource-scheduler/scheduler/query.go:71.9,73.4 1 0
github.com/feroz/concurrent-resource-scheduler/scheduler/query.go:76.2,86.3 1 1
github.com/feroz/concurrent-resource-scheduler/scheduler/scheduler.go:55.44,57.2 1 1
github.com/feroz/concurrent-resource-scheduler/scheduler/scheduler.go:59.54,60.43 1 1
github.com/feroz/concurrent-resource-scheduler/scheduler/scheduler.go:60.43,62.3 1 1
github.com/feroz/concurrent-resource-scheduler/scheduler/scheduler.go:63.2,63.32 1 1
github.com/feroz/concurrent-resource-scheduler/scheduler/scheduler.go:67.85,69.16 2 1
github.com/feroz/concurrent-resource-scheduler/scheduler/scheduler.go:69.16,71.3 1 0
github.com/feroz/concurrent-resource-scheduler/scheduler/scheduler.go:73.2,73.41 1 1
github.com/feroz/concurrent-resource-scheduler/scheduler/scheduler.go:73.41,75.3 1 1
github.com/feroz/concurrent-resource-scheduler/scheduler/scheduler.go:77.2,78.46 2 1
github.com/feroz/concurrent-resource-scheduler/scheduler/scheduler.go:78.46,80.3 1 1
github.com/feroz/concurrent-resource-scheduler/scheduler/scheduler.go:85.2,87.33 3 1
github.com/feroz/concurrent-resource-scheduler/scheduler/scheduler.go:87.33,88.38 1 1
github.com/feroz/concurrent-resource-scheduler/scheduler/scheduler.go:89.95,90.21 1 1
github.com/feroz/concurrent-resource-scheduler/scheduler/scheduler.go:92.8,95.3 1 0
github.com/feroz/concurrent-resource-scheduler/scheduler/scheduler.go:97.2,107.37 2 1
github.com/feroz/concurrent-resource-scheduler/scheduler/scheduler.go:107.37,109.3 1 1
github.com/feroz/concurrent-resource-scheduler/scheduler/scheduler.go:111.2,111.15 1 1
github.com/feroz/concurrent-resource-scheduler/scheduler/shutdown.go:4.39,5.42 1 1
github.com/feroz/concurrent-resource-scheduler/scheduler/shutdown.go:5.42,7.3 1 1
github.com/feroz/concurrent-resource-scheduler/scheduler/util.go:9.46,10.19 1 1
github.com/feroz/concurrent-resource-scheduler/scheduler/util.go:10.19,12.3 1 1
github.com/feroz/concurrent-resource-scheduler/scheduler/util.go:13.2,14.14 2 1
github.com/feroz/concurrent-resource-scheduler/scheduler/util.go:14.14,16.3 1 0
github.com/feroz/concurrent-resource-scheduler/scheduler/util.go:17.2,18.20 2 1
github.com/feroz/concurrent-resource-scheduler/scheduler/util.go:19.75,20.21 1 1
github.com/feroz/concurrent-resource-scheduler/scheduler/util.go:22.2,22.14 1 0
github.com/feroz/concurrent-resource-scheduler/extensions/prometheus/exporter.go:45.85,115.2 1 1
github.com/feroz/concurrent-resource-scheduler/extensions/prometheus/exporter.go:119.58,134.2 13 1
github.com/feroz/concurrent-resource-scheduler/extensions/prometheus/exporter.go:137.58,147.24 8 1
github.com/feroz/concurrent-resource-scheduler/extensions/prometheus/exporter.go:147.24,156.3 8 1
