mode: set
github.com/feroz/concurrent-resource-scheduler/internal/heap/heap.go:21.37,23.2 1 1
github.com/feroz/concurrent-resource-scheduler/internal/heap/heap.go:26.47,29.2 1 1
github.com/feroz/concurrent-resource-scheduler/internal/heap/heap.go:32.42,36.2 3 1
github.com/feroz/concurrent-resource-scheduler/internal/heap/heap.go:40.39,44.2 3 1
github.com/feroz/concurrent-resource-scheduler/internal/heap/heap.go:48.37,56.2 7 1
github.com/feroz/concurrent-resource-scheduler/internal/heap/heap.go:74.72,81.2 1 1
github.com/feroz/concurrent-resource-scheduler/internal/heap/heap.go:85.30,87.2 1 1
github.com/feroz/concurrent-resource-scheduler/internal/heap/heap.go:90.32,92.2 1 1
github.com/feroz/concurrent-resource-scheduler/internal/heap/heap.go:95.52,96.28 1 1
github.com/feroz/concurrent-resource-scheduler/internal/heap/heap.go:96.28,98.3 1 1
github.com/feroz/concurrent-resource-scheduler/internal/heap/heap.go:99.2,99.24 1 1
github.com/feroz/concurrent-resource-scheduler/internal/heap/heap.go:103.53,105.2 1 1
github.com/feroz/concurrent-resource-scheduler/internal/heap/heap.go:109.51,110.28 1 1
github.com/feroz/concurrent-resource-scheduler/internal/heap/heap.go:110.28,112.3 1 1
github.com/feroz/concurrent-resource-scheduler/internal/heap/heap.go:113.2,113.59 1 1
github.com/feroz/concurrent-resource-scheduler/internal/heap/heap.go:118.38,119.45 1 1
github.com/feroz/concurrent-resource-scheduler/internal/heap/heap.go:119.45,120.47 1 1
github.com/feroz/concurrent-resource-scheduler/internal/heap/heap.go:122.2,122.35 1 1
github.com/feroz/concurrent-resource-scheduler/internal/heap/heap.go:127.63,128.45 1 1
github.com/feroz/concurrent-resource-scheduler/internal/heap/heap.go:128.45,129.50 1 1
github.com/feroz/concurrent-resource-scheduler/internal/heap/heap.go:131.2,131.69 1 1
github.com/feroz/concurrent-resource-scheduler/internal/heap/heap.go:136.33,138.2 1 0
