mode: set
github.com/feroz/concurrent-resource-scheduler/scheduler/acquire.go:14.49,16.21 2 1
github.com/feroz/concurrent-resource-scheduler/scheduler/acquire.go:16.21,18.3 1 1
github.com/feroz/concurrent-resource-scheduler/scheduler/acquire.go:20.2,24.55 3 1
github.com/feroz/concurrent-resource-scheduler/scheduler/acquire.go:24.55,26.3 1 1
github.com/feroz/concurrent-resource-scheduler/scheduler/acquire.go:28.2,28.46 1 1
github.com/feroz/concurrent-resource-scheduler/scheduler/acquire.go:35.91,37.16 2 1
github.com/feroz/concurrent-resource-scheduler/scheduler/acquire.go:37.16,39.3 1 1
github.com/feroz/concurrent-resource-scheduler/scheduler/acquire.go:40.2,40.21 1 1
github.com/feroz/concurrent-resource-scheduler/scheduler/acquire.go:40.21,42.3 1 0
github.com/feroz/concurrent-resource-scheduler/scheduler/acquire.go:44.2,53.46 7 1
github.com/feroz/concurrent-resource-scheduler/scheduler/acquire.go:57.79,61.37 2 1
github.com/feroz/concurrent-resource-scheduler/scheduler/acquire.go:61.37,68.15 5 1
github.com/feroz/concurrent-resource-scheduler/scheduler/acquire.go:68.15,70.12 2 1
github.com/feroz/concurrent-resource-scheduler/scheduler/acquire.go:73.3,75.43 3 1
github.com/feroz/concurrent-resource-scheduler/scheduler/acquire.go:75.43,78.4 2 1
github.com/feroz/concurrent-resource-scheduler/scheduler/acquire.go:78.9,84.4 4 1
github.com/feroz/concurrent-resource-scheduler/scheduler/acquire.go:86.3,90.18 3 1
github.com/feroz/concurrent-resource-scheduler/scheduler/acquire.go:93.2,93.44 1 1
github.com/feroz/concurrent-resource-scheduler/scheduler/acquire.go:99.49,100.21 1 1
github.com/feroz/concurrent-resource-scheduler/scheduler/acquire.go:100.21,102.3 1 1
github.com/feroz/concurrent-resource-scheduler/scheduler/acquire.go:104.2,104.45 1 1
github.com/feroz/concurrent-resource-scheduler/scheduler/acquire.go:104.45,106.3 1 1
github.com/feroz/concurrent-resource-scheduler/scheduler/acquire.go:108.2,109.14 2 1
github.com/feroz/concurrent-resource-scheduler/scheduler/acquire.go:109.14,111.3 1 1
github.com/feroz/concurrent-resource-scheduler/scheduler/acquire.go:113.2,117.17 3 1
github.com/feroz/concurrent-resource-scheduler/scheduler/acquire.go:117.17,120.3 2 0
github.com/feroz/concurrent-resource-scheduler/scheduler/acquire.go:122.2,122.16 1 1
github.com/feroz/concurrent-resource-scheduler/scheduler/acquire.go:122.16,125.3 2 1
github.com/feroz/concurrent-resource-scheduler/scheduler/acquire.go:127.2,133.12 5 1
github.com/feroz/concurrent-resource-scheduler/scheduler/add.go:13.45,14.21 1 1
github.com/feroz/concurrent-resource-scheduler/scheduler/add.go:14.21,16.3 1 1
github.com/feroz/concurrent-resource-scheduler/scheduler/add.go:18.2,18.18 1 1
github.com/feroz/concurrent-resource-scheduler/scheduler/add.go:18.18,20.3 1 1
github.com/feroz/concurrent-resource-scheduler/scheduler/add.go:22.2,34.47 4 1
github.com/feroz/concurrent-resource-scheduler/scheduler/add.go:34.47,36.3 1 1
github.com/feroz/concurrent-resource-scheduler/scheduler/add.go:39.2,45.12 5 1
github.com/feroz/concurrent-resource-scheduler/scheduler/add.go:53.58,54.21 1 1
github.com/feroz/concurrent-resource-scheduler/scheduler/add.go:54.21,56.3 1 1
github.com/feroz/concurrent-resource-scheduler/scheduler/add.go:58.2,58.25 1 1
github.com/feroz/concurrent-resource-scheduler/scheduler/add.go:58.25,60.3 1 1
github.com/feroz/concurrent-resource-scheduler/scheduler/add.go:62.2,65.32 2 1
github.com/feroz/concurrent-resource-scheduler/scheduler/add.go:65.32,66.19 1 1
github.com/feroz/concurrent-resource-scheduler/scheduler/add.go:66.19,68.4 1 0
github.com/feroz/concurrent-resource-scheduler/scheduler/add.go:70.3,73.37 2 1
github.com/feroz/concurrent-resource-scheduler/scheduler/add.go:73.37,75.4 1 1
github.com/feroz/concurrent-resource-scheduler/scheduler/add.go:76.3,79.33 2 1
github.com/feroz/concurrent-resource-scheduler/scheduler/add.go:79.33,81.4 1 1
github.com/feroz/concurrent-resource-scheduler/scheduler/add.go:85.2,86.32 2 1
github.com/feroz/concurrent-resource-scheduler/scheduler/add.go:86.32,97.3 4 1
github.com/feroz/concurrent-resource-scheduler/scheduler/add.go:100.2,100.51 1 1
github.com/feroz/concurrent-resource-scheduler/scheduler/add.go:100.51,102.3 1 0
github.com/feroz/concurrent-resource-scheduler/scheduler/add.go:105.2,105.32 1 1
github.com/feroz/concurrent-resource-scheduler/scheduler/add.go:105.32,114.3 7 1
github.com/feroz/concurrent-resource-scheduler/scheduler/add.go:116.2,116.12 1 1
github.com/feroz/concurrent-resource-scheduler/scheduler/events_dispatch.go:9.68,10.31 1 1
github.com/feroz/concurrent-resource-scheduler/scheduler/events_dispatch.go:10.31,12.3 1 1
github.com/feroz/concurrent-resource-scheduler/scheduler/events_dispatch.go:14.2,19.9 2 1
github.com/feroz/concurrent-resource-scheduler/scheduler/events_dispatch.go:20.26,20.26 0 1
github.com/feroz/concurrent-resource-scheduler/scheduler/events_dispatch.go:22.10,22.10 0 1
github.com/feroz/concurrent-resource-scheduler/scheduler/events_dispatch.go:32.43,33.6 1 1
github.com/feroz/concurrent-resource-scheduler/scheduler/events_dispatch.go:33.6,34.10 1 1
github.com/feroz/concurrent-resource-scheduler/scheduler/events_dispatch.go:35.29,36.40 1 1
github.com/feroz/concurrent-resource-scheduler/scheduler/events_dispatch.go:36.40,37.19 1 1
github.com/feroz/concurrent-resource-scheduler/scheduler/events_dispatch.go:37.19,38.14 1 1
github.com/feroz/concurrent-resource-scheduler/scheduler/events_dispatch.go:40.5,40.19 1 1
github.com/feroz/concurrent-resource-scheduler/scheduler/events_dispatch.go:42.27,43.10 1 1
github.com/feroz/concurrent-resource-scheduler/scheduler/lifecycle.go:11.48,12.21 1 1
github.com/feroz/concurrent-resource-scheduler/scheduler/lifecycle.go:12.21,14.3 1 1
github.com/feroz/concurrent-resource-scheduler/scheduler/lifecycle.go:16.2,16.18 1 1
github.com/feroz/concurrent-resource-scheduler/scheduler/lifecycle.go:16.18,18.3 1 0
github.com/feroz/concurrent-resource-scheduler/scheduler/lifecycle.go:20.2,22.14 3 1
github.com/feroz/concurrent-resource-scheduler/scheduler/lifecycle.go:22.14,24.3 1 1
github.com/feroz/concurrent-resource-scheduler/scheduler/lifecycle.go:26.2,30.17 3 1
github.com/feroz/concurrent-resource-scheduler/scheduler/lifecycle.go:30.17,33.3 2 0
github.com/feroz/concurrent-resource-scheduler/scheduler/lifecycle.go:35.2,37.16 2 1
github.com/feroz/concurrent-resource-scheduler/scheduler/lifecycle.go:37.16,39.3 1 1
github.com/feroz/concurrent-resource-scheduler/scheduler/lifecycle.go:41.2,45.12 3 1
github.com/feroz/concurrent-resource-scheduler/scheduler/lifecycle.go:49.49,50.21 1 1
github.com/feroz/concurrent-resource-scheduler/scheduler/lifecycle.go:50.21,52.3 1 1
github.com/feroz/concurrent-resource-scheduler/scheduler/lifecycle.go:54.2,55.14 2 1
github.com/feroz/concurrent-resource-scheduler/scheduler/lifecycle.go:55.14,57.3 1 1
github.com/feroz/concurrent-resource-scheduler/scheduler/lifecycle.go:59.2,62.17 3 1
github.com/feroz/concurrent-resource-scheduler/scheduler/lifecycle.go:62.17,65.3 2 0
github.com/feroz/concurrent-resource-scheduler/scheduler/lifecycle.go:67.2,67.17 1 1
github.com/feroz/concurrent-resource-scheduler/scheduler/lifecycle.go:67.17,70.3 2 1
github.com/feroz/concurrent-resource-scheduler/scheduler/lifecycle.go:72.2,79.12 5 1
github.com/feroz/concurrent-resource-scheduler/scheduler/lifecycle.go:83.49,84.21 1 1
github.com/feroz/concurrent-resource-scheduler/scheduler/lifecycle.go:84.21,86.3 1 1
github.com/feroz/concurrent-resource-scheduler/scheduler/lifecycle.go:88.2,89.14 2 1
github.com/feroz/concurrent-resource-scheduler/scheduler/lifecycle.go:89.14,91.3 1 1
github.com/feroz/concurrent-resource-scheduler/scheduler/lifecycle.go:93.2,96.17 3 1
github.com/feroz/concurrent-resource-scheduler/scheduler/lifecycle.go:96.17,99.3 2 0
github.com/feroz/concurrent-resource-scheduler/scheduler/lifecycle.go:101.2,101.16 1 1
github.com/feroz/concurrent-resource-scheduler/scheduler/lifecycle.go:101.16,104.3 2 1
github.com/feroz/concurrent-resource-scheduler/scheduler/lifecycle.go:106.2,113.12 5 1
github.com/feroz/concurrent-resource-scheduler/scheduler/lifecycle.go:117.48,118.21 1 1
github.com/feroz/concurrent-resource-scheduler/scheduler/lifecycle.go:118.21,120.3 1 1
github.com/feroz/concurrent-resource-scheduler/scheduler/lifecycle.go:122.2,123.14 2 1
github.com/feroz/concurrent-resource-scheduler/scheduler/lifecycle.go:123.14,125.3 1 1
github.com/feroz/concurrent-resource-scheduler/scheduler/lifecycle.go:127.2,133.16 4 1
github.com/feroz/concurrent-resource-scheduler/scheduler/lifecycle.go:133.16,136.3 2 1
github.com/feroz/concurrent-resource-scheduler/scheduler/lifecycle.go:137.2,144.12 4 1
github.com/feroz/concurrent-resource-scheduler/scheduler/query.go:12.50,14.21 2 1
github.com/feroz/concurrent-resource-scheduler/scheduler/query.go:14.21,16.3 1 1
github.com/feroz/concurrent-resource-scheduler/scheduler/query.go:18.2,19.14 2 1
github.com/feroz/concurrent-resource-scheduler/scheduler/query.go:19.14,21.3 1 1
github.com/feroz/concurrent-resource-scheduler/scheduler/query.go:23.2,27.17 4 1
github.com/feroz/concurrent-resource-scheduler/scheduler/query.go:27.17,29.3 1 0
github.com/feroz/concurrent-resource-scheduler/scheduler/query.go:31.2,31.21 1 1
github.com/feroz/concurrent-resource-scheduler/scheduler/query.go:36.38,38.2 1 1
github.com/feroz/concurrent-resource-scheduler/scheduler/query.go:42.48,46.33 3 1
github.com/feroz/concurrent-resource-scheduler/scheduler/query.go:46.33,53.17 6 1
github.com/feroz/concurrent-resource-scheduler/scheduler/query.go:53.17,55.4 1 0
github.com/feroz/concurrent-resource-scheduler/scheduler/query.go:55.9,57.4 1 1
github.com/feroz/concurrent-resource-scheduler/scheduler/query.go:60.2,63.45 3 1
github.com/feroz/concurrent-resource-scheduler/scheduler/query.go:63.45,65.3 1 1
github.com/feroz/concurrent-resource-scheduler/scheduler/query.go:67.2,68.34 2 1
github.com/feroz/concurrent-resource-scheduler/scheduler/query.go:68.34,69.63 1 1
github.com/feroz/concurrent-resource-scheduler/scheduler/query.go:69.63,71.4 1 1
github.com/feroz/concurrent-resource-scheduler/scheduler/query.go:71.9,73.4 1 0
github.com/feroz/concurrent-resource-scheduler/scheduler/query.go:76.2,86.3 1 1
github.com/feroz/concurrent-resource-scheduler/scheduler/scheduler.go:55.44,57.2 1 1
github.com/feroz/concurrent-resource-scheduler/scheduler/scheduler.go:59.54,60.43 1 0
github.com/feroz/concurrent-resource-scheduler/scheduler/scheduler.go:60.43,62.3 1 0
github.com/feroz/concurrent-resource-scheduler/scheduler/scheduler.go:63.2,63.32 1 0
github.com/feroz/concurrent-resource-scheduler/scheduler/scheduler.go:67.85,69.16 2 1
github.com/feroz/concurrent-resource-scheduler/scheduler/scheduler.go:69.16,71.3 1 0
github.com/feroz/concurrent-resource-scheduler/scheduler/scheduler.go:73.2,73.41 1 1
github.com/feroz/concurrent-resource-scheduler/scheduler/scheduler.go:73.41,75.3 1 1
github.com/feroz/concurrent-resource-scheduler/scheduler/scheduler.go:77.2,78.46 2 1
github.com/feroz/concurrent-resource-scheduler/scheduler/scheduler.go:78.46,80.3 1 1
github.com/feroz/concurrent-resource-scheduler/scheduler/scheduler.go:85.2,87.33 3 1
github.com/feroz/concurrent-resource-scheduler/scheduler/scheduler.go:87.33,88.38 1 1
github.com/feroz/concurrent-resource-scheduler/scheduler/scheduler.go:89.95,90.21 1 1
github.com/feroz/concurrent-resource-scheduler/scheduler/scheduler.go:92.8,95.3 1 0
github.com/feroz/concurrent-resource-scheduler/scheduler/scheduler.go:97.2,107.37 2 1
github.com/feroz/concurrent-resource-scheduler/scheduler/scheduler.go:107.37,109.3 1 1
github.com/feroz/concurrent-resource-scheduler/scheduler/scheduler.go:111.2,111.15 1 1
github.com/feroz/concurrent-resource-scheduler/scheduler/shutdown.go:4.39,5.42 1 1
github.com/feroz/concurrent-resource-scheduler/scheduler/shutdown.go:5.42,7.3 1 1
github.com/feroz/concurrent-resource-scheduler/scheduler/util.go:9.46,10.19 1 1
github.com/feroz/concurrent-resource-scheduler/scheduler/util.go:10.19,12.3 1 1
github.com/feroz/concurrent-resource-scheduler/scheduler/util.go:13.2,14.14 2 1
github.com/feroz/concurrent-resource-scheduler/scheduler/util.go:14.14,16.3 1 0
github.com/feroz/concurrent-resource-scheduler/scheduler/util.go:17.2,18.20 2 1
github.com/feroz/concurrent-resource-scheduler/scheduler/util.go:19.75,20.21 1 1
github.com/feroz/concurrent-resource-scheduler/scheduler/util.go:22.2,22.14 1 0
