mode: set
github.com/feroz/concurrent-resource-scheduler/placement/adaptive.go:15.46,17.2 1 1
github.com/feroz/concurrent-resource-scheduler/placement/adaptive.go:21.55,23.21 2 1
github.com/feroz/concurrent-resource-scheduler/placement/adaptive.go:23.21,25.3 1 1
github.com/feroz/concurrent-resource-scheduler/placement/adaptive.go:26.2,26.21 1 1
github.com/feroz/concurrent-resource-scheduler/placement/adaptive.go:26.21,28.3 1 1
github.com/feroz/concurrent-resource-scheduler/placement/adaptive.go:31.2,42.22 7 1
github.com/feroz/concurrent-resource-scheduler/placement/adaptive.go:42.22,44.3 1 1
github.com/feroz/concurrent-resource-scheduler/placement/adaptive.go:47.2,50.21 3 1
github.com/feroz/concurrent-resource-scheduler/placement/adaptive.go:50.21,52.3 1 1
github.com/feroz/concurrent-resource-scheduler/placement/adaptive.go:54.2,54.15 1 1
github.com/feroz/concurrent-resource-scheduler/placement/adaptive.go:58.44,60.2 1 0
github.com/feroz/concurrent-resource-scheduler/placement/consistent_hash.go:23.64,24.21 1 1
github.com/feroz/concurrent-resource-scheduler/placement/consistent_hash.go:24.21,26.3 1 0
github.com/feroz/concurrent-resource-scheduler/placement/consistent_hash.go:28.2,36.34 4 1
github.com/feroz/concurrent-resource-scheduler/placement/consistent_hash.go:36.34,37.45 1 1
github.com/feroz/concurrent-resource-scheduler/placement/consistent_hash.go:37.45,46.4 3 1
github.com/feroz/concurrent-resource-scheduler/placement/consistent_hash.go:50.2,50.41 1 1
github.com/feroz/concurrent-resource-scheduler/placement/consistent_hash.go:50.41,52.3 1 1
github.com/feroz/concurrent-resource-scheduler/placement/consistent_hash.go:54.2,57.27 3 1
github.com/feroz/concurrent-resource-scheduler/placement/consistent_hash.go:57.27,60.3 2 1
github.com/feroz/concurrent-resource-scheduler/placement/consistent_hash.go:62.2,65.3 1 1
github.com/feroz/concurrent-resource-scheduler/placement/consistent_hash.go:70.56,71.24 1 1
github.com/feroz/concurrent-resource-scheduler/placement/consistent_hash.go:71.24,73.3 1 0
github.com/feroz/concurrent-resource-scheduler/placement/consistent_hash.go:76.2,77.12 2 1
github.com/feroz/concurrent-resource-scheduler/placement/consistent_hash.go:77.12,79.25 2 1
github.com/feroz/concurrent-resource-scheduler/placement/consistent_hash.go:79.25,81.4 1 1
github.com/feroz/concurrent-resource-scheduler/placement/consistent_hash.go:81.9,83.4 1 1
github.com/feroz/concurrent-resource-scheduler/placement/consistent_hash.go:86.2,86.24 1 1
github.com/feroz/concurrent-resource-scheduler/placement/consistent_hash.go:86.24,88.3 1 1
github.com/feroz/concurrent-resource-scheduler/placement/consistent_hash.go:90.2,90.20 1 1
github.com/feroz/concurrent-resource-scheduler/placement/round_robin.go:11.38,13.2 1 1
github.com/feroz/concurrent-resource-scheduler/placement/round_robin.go:16.51,20.12 2 1
github.com/feroz/concurrent-resource-scheduler/placement/round_robin.go:20.12,22.3 1 1
github.com/feroz/concurrent-resource-scheduler/placement/round_robin.go:23.2,24.29 2 1
github.com/feroz/concurrent-resource-scheduler/placement/round_robin.go:28.38,30.2 1 0
github.com/feroz/concurrent-resource-scheduler/placement/weighted.go:8.27,12.2 3 1
github.com/feroz/concurrent-resource-scheduler/placement/weighted.go:26.60,29.28 3 1
github.com/feroz/concurrent-resource-scheduler/placement/weighted.go:29.28,32.3 2 1
github.com/feroz/concurrent-resource-scheduler/placement/weighted.go:34.2,37.3 1 1
github.com/feroz/concurrent-resource-scheduler/placement/weighted.go:41.55,43.21 2 1
github.com/feroz/concurrent-resource-scheduler/placement/weighted.go:43.21,45.3 1 0
github.com/feroz/concurrent-resource-scheduler/placement/weighted.go:48.2,52.66 2 1
github.com/feroz/concurrent-resource-scheduler/placement/weighted.go:52.66,54.3 1 1
github.com/feroz/concurrent-resource-scheduler/placement/weighted.go:57.2,62.12 4 1
github.com/feroz/concurrent-resource-scheduler/placement/weighted.go:62.12,64.39 2 1
github.com/feroz/concurrent-resource-scheduler/placement/weighted.go:64.39,66.4 1 1
github.com/feroz/concurrent-resource-scheduler/placement/weighted.go:66.9,68.4 1 1
github.com/feroz/concurrent-resource-scheduler/placement/weighted.go:71.2,71.21 1 1
github.com/feroz/concurrent-resource-scheduler/placement/weighted.go:71.21,73.3 1 0
github.com/feroz/concurrent-resource-scheduler/placement/weighted.go:75.2,75.10 1 1
github.com/feroz/concurrent-resource-scheduler/placement/weighted.go:79.44,81.2 1 0
